[2026-08-26 03:58:17Z INFO HostContext] No proxy settings were found based on environmental variables (http_proxy/https_proxy/HTTP_PROXY/HTTPS_PROXY)
[2026-08-26 03:58:17Z INFO HostContext] Well known directory 'Bin': 'D:\actions-runner\bin'
[2026-08-26 03:58:17Z INFO HostContext] Well known directory 'Root': 'D:\actions-runner'
[2026-08-26 03:58:17Z INFO HostContext] Well known config file 'Credentials': 'D:\actions-runner\.credentials'
[2026-08-26 03:58:18Z INFO HostContext] Well known directory 'Bin': 'D:\actions-runner\bin'
[2026-08-26 03:58:18Z INFO HostContext] Well known directory 'Root': 'D:\actions-runner'
[2026-08-26 03:58:18Z INFO HostContext] Well known config file 'Runner': 'D:\actions-runner\.runner'
[2026-08-26 03:58:18Z INFO Listener] Runner is built for Windows (X64) - win-x64.
[2026-08-26 03:58:18Z INFO Listener] RuntimeInformation: Microsoft Windows 10.0.19044.
[2026-08-26 03:58:18Z INFO Listener] Version: 2.336.0
[2026-08-26 03:58:18Z INFO Listener] Commit: 98aabcd429c4e8402406c56ce2d26387fed3b9ce
[2026-08-26 03:58:18Z INFO Listener] Culture: es-MX
[2026-08-26 03:58:18Z INFO Listener] UI Culture: es-MX
[2026-08-26 03:58:18Z INFO HostContext] Well known directory 'Bin': 'D:\actions-runner\bin'
[2026-08-26 03:58:18Z INFO HostContext] Well known directory 'Root': 'D:\actions-runner'
[2026-08-26 03:58:18Z INFO Listener] Validating directory permissions for: 'D:\actions-runner'
[2026-08-26 03:58:18Z INFO CommandLineParser] Parse
[2026-08-26 03:58:18Z INFO CommandLineParser] Parsing 3 args
[2026-08-26 03:58:18Z INFO CommandLineParser] parsing argument
[2026-08-26 03:58:18Z INFO CommandLineParser] HasArgs: False
[2026-08-26 03:58:18Z INFO CommandLineParser] Adding Command: run
[2026-08-26 03:58:18Z INFO CommandLineParser] parsing argument
[2026-08-26 03:58:18Z INFO CommandLineParser] HasArgs: True
[2026-08-26 03:58:18Z INFO CommandLineParser] arg: startuptype
[2026-08-26 03:58:18Z INFO CommandLineParser] parsing argument
[2026-08-26 03:58:18Z INFO CommandLineParser] HasArgs: True
[2026-08-26 03:58:18Z INFO CommandLineParser] Adding option 'startuptype': 'service'
[2026-08-26 03:58:18Z INFO Listener] Arguments parsed
[2026-08-26 03:58:18Z INFO Runner] ExecuteCommand
[2026-08-26 03:58:18Z INFO ConfigurationStore] currentAssemblyLocation: D:\actions-runner\bin\Runner.Listener.dll
[2026-08-26 03:58:18Z INFO HostContext] Well known directory 'Bin': 'D:\actions-runner\bin'
[2026-08-26 03:58:18Z INFO ConfigurationStore] binPath: D:\actions-runner\bin
[2026-08-26 03:58:18Z INFO HostContext] Well known directory 'Bin': 'D:\actions-runner\bin'
[2026-08-26 03:58:18Z INFO HostContext] Well known directory 'Root': 'D:\actions-runner'
[2026-08-26 03:58:18Z INFO ConfigurationStore] RootFolder: D:\actions-runner
[2026-08-26 03:58:18Z INFO HostContext] Well known directory 'Bin': 'D:\actions-runner\bin'
[2026-08-26 03:58:18Z INFO HostContext] Well known directory 'Root': 'D:\actions-runner'
[2026-08-26 03:58:18Z INFO HostContext] Well known config file 'Runner': 'D:\actions-runner\.runner'
[2026-08-26 03:58:18Z INFO ConfigurationStore] ConfigFilePath: D:\actions-runner\.runner
[2026-08-26 03:58:18Z INFO HostContext] Well known directory 'Bin': 'D:\actions-runner\bin'
[2026-08-26 03:58:18Z INFO HostContext] Well known directory 'Root': 'D:\actions-runner'
[2026-08-26 03:58:18Z INFO HostContext] Well known config file 'MigratedRunner': 'D:\actions-runner\.runner_migrated'
[2026-08-26 03:58:18Z INFO ConfigurationStore] MigratedConfigFilePath: D:\actions-runner\.runner_migrated
[2026-08-26 03:58:18Z INFO HostContext] Well known directory 'Bin': 'D:\actions-runner\bin'
[2026-08-26 03:58:18Z INFO HostContext] Well known directory 'Root': 'D:\actions-runner'
[2026-08-26 03:58:18Z INFO HostContext] Well known config file 'Credentials': 'D:\actions-runner\.credentials'
[2026-08-26 03:58:18Z INFO ConfigurationStore] CredFilePath: D:\actions-runner\.credentials
[2026-08-26 03:58:18Z INFO HostContext] Well known directory 'Bin': 'D:\actions-runner\bin'
[2026-08-26 03:58:18Z INFO HostContext] Well known directory 'Root': 'D:\actions-runner'
[2026-08-26 03:58:18Z INFO HostContext] Well known config file 'MigratedCredentials': 'D:\actions-runner\.credentials_migrated'
[2026-08-26 03:58:18Z INFO ConfigurationStore] MigratedCredFilePath: D:\actions-runner\.credentials_migrated
[2026-08-26 03:58:18Z INFO HostContext] Well known directory 'Bin': 'D:\actions-runner\bin'
[2026-08-26 03:58:18Z INFO HostContext] Well known directory 'Root': 'D:\actions-runner'
[2026-08-26 03:58:18Z INFO HostContext] Well known config file 'Service': 'D:\actions-runner\.service'
[2026-08-26 03:58:18Z INFO ConfigurationStore] ServiceConfigFilePath: D:\actions-runner\.service
[2026-08-26 03:58:18Z INFO CommandSettings] Flag 'help': 'False'
[2026-08-26 03:58:18Z INFO CommandSettings] Flag 'version': 'False'
[2026-08-26 03:58:18Z INFO CommandSettings] Flag 'commit': 'False'
[2026-08-26 03:58:18Z INFO CommandSettings] Flag 'check': 'False'
[2026-08-26 03:58:18Z INFO CommandSettings] Command 'configure': 'False'
[2026-08-26 03:58:18Z INFO CommandSettings] Command 'remove': 'False'
[2026-08-26 03:58:18Z INFO CommandSettings] Command 'warmup': 'False'
[2026-08-26 03:58:18Z INFO ConfigurationManager] LoadSettings
[2026-08-26 03:58:18Z INFO ConfigurationStore] IsConfigured()
[2026-08-26 03:58:18Z INFO ConfigurationStore] IsConfigured: True
[2026-08-26 03:58:18Z INFO ConfigurationManager] Is configured: True
[2026-08-26 03:58:18Z INFO ConfigurationStore] Read setting file: 388 chars
[2026-08-26 03:58:18Z INFO ConfigurationManager] Settings Loaded
[2026-08-26 03:58:18Z INFO ConfigurationStore] IsServiceConfigured()
[2026-08-26 03:58:18Z INFO ConfigurationStore] IsServiceConfigured: True
[2026-08-26 03:58:18Z INFO CommandSettings] Command 'run': 'True'
[2026-08-26 03:58:18Z INFO ConfigurationStore] IsConfigured()
[2026-08-26 03:58:18Z INFO ConfigurationStore] IsConfigured: True
[2026-08-26 03:58:18Z INFO ConfigurationManager] Is configured: True
[2026-08-26 03:58:18Z INFO Runner] Set runner startup type - Service
[2026-08-26 03:58:18Z INFO CommandSettings] Flag 'once': 'False'
[2026-08-26 03:58:18Z INFO CommandSettings] Flag 'once': 'False'
[2026-08-26 03:58:18Z INFO Runner] RunAsync
[2026-08-26 03:58:18Z INFO HostContext] Well known directory 'Bin': 'D:\actions-runner\bin'
[2026-08-26 03:58:18Z INFO HostContext] Well known directory 'Root': 'D:\actions-runner'
[2026-08-26 03:58:18Z INFO HostContext] Well known directory 'Work': 'D:\actions-runner\_work'
[2026-08-26 03:58:18Z INFO Runner] Validating directory permissions for: 'D:\actions-runner\_work'
[2026-08-26 03:58:18Z INFO ConfigurationManager] LoadMigratedSettings
[2026-08-26 03:58:18Z INFO ConfigurationStore] IsMigratedConfigured()
[2026-08-26 03:58:18Z INFO ConfigurationStore] IsMigratedConfigured: False
[2026-08-26 03:58:18Z INFO Runner] Failed to load migrated settings: No migrated configuration found.
[2026-08-26 03:58:18Z INFO Runner] Falling back to original .runner settings
[2026-08-26 03:58:18Z INFO Runner] Using BrokerMessageListener
[2026-08-26 03:58:18Z INFO BrokerMessageListener] Using provided settings
[2026-08-26 03:58:18Z INFO BrokerMessageListener] {
  "AgentId": 3,
  "AgentName": "ALECS",
  "PoolId": 1,
  "PoolName": "Default",
  "ServerUrl": "https://pipelinesghubeus3.actions.githubusercontent.com/EmAG2M8FINDSjrWclBxv8jvpEp68V4tP5qcz0uU8ldIEJDfNWQ/",
  "GitHubUrl": "https://github.com/ElAlecs69/SignServer",
  "WorkFolder": "_work",
  "UseV2Flow": true,
  "ServerUrlV2": "https://broker.actions.githubusercontent.com/"
}
[2026-08-26 03:58:18Z INFO BrokerMessageListener] Loading Credentials
[2026-08-26 03:58:18Z INFO ConfigurationStore] HasCredentials()
[2026-08-26 03:58:18Z INFO ConfigurationStore] stored True
[2026-08-26 03:58:18Z INFO CredentialManager] GetCredentialProvider
[2026-08-26 03:58:18Z INFO CredentialManager] Creating type OAuth
[2026-08-26 03:58:18Z INFO CredentialManager] Creating credential type: OAuth
[2026-08-26 03:58:18Z INFO HostContext] Well known directory 'Bin': 'D:\actions-runner\bin'
[2026-08-26 03:58:18Z INFO HostContext] Well known directory 'Root': 'D:\actions-runner'
[2026-08-26 03:58:18Z INFO HostContext] Well known config file 'RSACredentials': 'D:\actions-runner\.credentials_rsaparams'
[2026-08-26 03:58:18Z INFO RSAEncryptedFileKeyManager] Loading RSA key parameters from file D:\actions-runner\.credentials_rsaparams
[2026-08-26 03:58:18Z INFO BrokerMessageListener] Attempt to create session.
[2026-08-26 03:58:18Z INFO BrokerMessageListener] Connecting to the Broker Server...
[2026-08-26 03:58:18Z INFO ConfigurationStore] HasCredentials()
[2026-08-26 03:58:18Z INFO ConfigurationStore] stored True
[2026-08-26 03:58:18Z INFO CredentialManager] GetCredentialProvider
[2026-08-26 03:58:18Z INFO CredentialManager] Creating type OAuth
[2026-08-26 03:58:18Z INFO CredentialManager] Creating credential type: OAuth
[2026-08-26 03:58:18Z INFO RSAEncryptedFileKeyManager] Loading RSA key parameters from file D:\actions-runner\.credentials_rsaparams
[2026-08-26 03:58:19Z INFO BrokerMessageListener] VssConnection created
[2026-08-26 03:58:19Z INFO BrokerMessageListener] Connecting to the Runner server...
[2026-08-26 03:58:19Z INFO RunnerServer] EstablishVssConnection
[2026-08-26 03:58:19Z INFO RunnerServer] Establish connection with 100 seconds timeout.
[2026-08-26 03:58:19Z INFO GitHubActionsService] Starting operation Location.GetConnectionData
[2026-08-26 03:58:19Z INFO RunnerServer] EstablishVssConnection
[2026-08-26 03:58:19Z INFO RunnerServer] Establish connection with 60 seconds timeout.
[2026-08-26 03:58:19Z INFO GitHubActionsService] Starting operation Location.GetConnectionData
[2026-08-26 03:58:19Z INFO RunnerServer] EstablishVssConnection
[2026-08-26 03:58:19Z INFO RunnerServer] Establish connection with 60 seconds timeout.
[2026-08-26 03:58:19Z INFO GitHubActionsService] Starting operation Location.GetConnectionData
[2026-08-26 03:58:19Z INFO GitHubActionsService] Finished operation Location.GetConnectionData
[2026-08-26 03:58:19Z INFO GitHubActionsService] Finished operation Location.GetConnectionData
[2026-08-26 03:58:19Z INFO GitHubActionsService] Finished operation Location.GetConnectionData
[2026-08-26 03:58:20Z INFO BrokerMessageListener] VssConnection created
[2026-08-26 03:58:20Z INFO Terminal] WRITE LINE: 
[2026-08-26 03:58:20Z INFO Terminal] WRITE LINE: 
[2026-08-26 03:58:20Z INFO RSAEncryptedFileKeyManager] Loading RSA key parameters from file D:\actions-runner\.credentials_rsaparams
[2026-08-26 03:58:20Z INFO RSAEncryptedFileKeyManager] Loading RSA key parameters from file D:\actions-runner\.credentials_rsaparams
[2026-08-26 03:58:20Z INFO GitHubActionsService] AAD Correlation ID for this token request: Unknown
[2026-08-26 03:58:20Z INFO BrokerMessageListener] Session created.
[2026-08-26 03:58:20Z INFO Terminal] WRITE LINE: Current runner version: '2.336.0'
[2026-08-26 03:58:20Z INFO Terminal] WRITE LINE: 2026-08-26 03:58:20Z: Listening for Jobs
[2026-08-26 03:58:20Z INFO JobDispatcher] Set runner/worker IPC timeout to 30 seconds.
[2026-08-26 19:16:56Z WARN GitHubActionsService] GET request to https://broker.actions.githubusercontent.com/message?sessionId=61431501-b040-418b-92aa-b3a8374bce3b&status=Online&runnerVersion=2.336.0&os=Windows&architecture=X64&disableUpdate=false timed out after 100 seconds.
[2026-08-26 19:16:56Z ERR  BrokerServer] Catch exception during request
[2026-08-26 19:16:57Z ERR  BrokerServer] System.TimeoutException: The HTTP request timed out after 00:01:40.
 ---> System.Threading.Tasks.TaskCanceledException: The operation was canceled.
 ---> System.IO.IOException: Unable to read data from the transport connection: La operación de E/S se anuló por una salida de subproceso o por una solicitud de aplicación..
 ---> System.Net.Sockets.SocketException (995): La operación de E/S se anuló por una salida de subproceso o por una solicitud de aplicación.
   --- End of inner exception stack trace ---
   at System.Net.Sockets.Socket.AwaitableSocketAsyncEventArgs.ThrowException(SocketError error, CancellationToken cancellationToken)
   at System.Net.Sockets.Socket.AwaitableSocketAsyncEventArgs.System.Threading.Tasks.Sources.IValueTaskSource<System.Int32>.GetResult(Int16 token)
   at System.Net.Security.SslStream.EnsureFullTlsFrameAsync[TIOAdapter](CancellationToken cancellationToken, Int32 estimatedSize)
   at System.Runtime.CompilerServices.PoolingAsyncValueTaskMethodBuilder`1.StateMachineBox`1.System.Threading.Tasks.Sources.IValueTaskSource<TResult>.GetResult(Int16 token)
   at System.Net.Security.SslStream.ReadAsyncInternal[TIOAdapter](Memory`1 buffer, CancellationToken cancellationToken)
   at System.Runtime.CompilerServices.PoolingAsyncValueTaskMethodBuilder`1.StateMachineBox`1.System.Threading.Tasks.Sources.IValueTaskSource<TResult>.GetResult(Int16 token)
   at System.Net.Http.HttpConnection.SendAsync(HttpRequestMessage request, Boolean async, CancellationToken cancellationToken)
   --- End of inner exception stack trace ---
   at System.Net.Http.HttpConnection.SendAsync(HttpRequestMessage request, Boolean async, CancellationToken cancellationToken)
   at System.Net.Http.AuthenticationHelper.SendWithNtAuthAsync(HttpRequestMessage request, Uri authUri, Boolean async, ICredentials credentials, Boolean isProxyAuth, HttpConnection connection, HttpConnectionPool connectionPool, CancellationToken cancellationToken)
   at System.Net.Http.HttpConnectionPool.SendWithVersionDetectionAndRetryAsync(HttpRequestMessage request, Boolean async, Boolean doRequestAuth, CancellationToken cancellationToken)
   at System.Net.Http.AuthenticationHelper.SendWithAuthAsync(HttpRequestMessage request, Uri authUri, Boolean async, ICredentials credentials, Boolean preAuthenticate, Boolean isProxyAuth, Boolean doRequestAuth, HttpConnectionPool pool, CancellationToken cancellationToken)
   at System.Net.Http.RedirectHandler.SendAsync(HttpRequestMessage request, Boolean async, CancellationToken cancellationToken)
   at GitHub.Services.Common.RawHttpMessageHandler.SendAsync(HttpRequestMessage request, CancellationToken cancellationToken)
   --- End of inner exception stack trace ---
   at GitHub.Services.Common.RawHttpMessageHandler.SendAsync(HttpRequestMessage request, CancellationToken cancellationToken)
   at GitHub.Services.Common.VssHttpRetryMessageHandler.SendAsync(HttpRequestMessage request, CancellationToken cancellationToken)
   at System.Net.Http.HttpClient.<SendAsync>g__Core|83_0(HttpRequestMessage request, HttpCompletionOption completionOption, CancellationTokenSource cts, Boolean disposeCts, CancellationTokenSource pendingRequestsCts, CancellationToken originalCancellationToken)
   at Sdk.WebApi.WebApi.RawHttpClientBase.SendAsync(HttpRequestMessage message, HttpCompletionOption completionOption, Object userState, CancellationToken cancellationToken)
   at Sdk.WebApi.WebApi.RawHttpClientBase.SendAsync[T](HttpRequestMessage message, Boolean readErrorBody, Object userState, CancellationToken cancellationToken)
   at Sdk.WebApi.WebApi.RawHttpClientBase.SendAsync[T](HttpMethod method, IEnumerable`1 additionalHeaders, Uri requestUri, HttpContent content, IEnumerable`1 queryParameters, Boolean readErrorBody, Object userState, CancellationToken cancellationToken)
   at GitHub.Actions.RunService.WebApi.BrokerHttpClient.GetRunnerMessageAsync(Nullable`1 sessionId, String runnerVersion, Nullable`1 status, String os, String architecture, Nullable`1 disableUpdate, CancellationToken cancellationToken)
   at GitHub.Runner.Common.BrokerServer.<>c__DisplayClass7_0.<<GetRunnerMessageAsync>b__0>d.MoveNext()
--- End of stack trace from previous location ---
   at GitHub.Runner.Common.RunnerService.RetryRequest[T](Func`1 func, CancellationToken cancellationToken, Int32 maxAttempts, Func`2 shouldRetry)
[2026-08-26 19:16:57Z ERR  BrokerServer] #####################################################
[2026-08-26 19:16:57Z ERR  BrokerServer] System.Threading.Tasks.TaskCanceledException: The operation was canceled.
 ---> System.IO.IOException: Unable to read data from the transport connection: La operación de E/S se anuló por una salida de subproceso o por una solicitud de aplicación..
 ---> System.Net.Sockets.SocketException (995): La operación de E/S se anuló por una salida de subproceso o por una solicitud de aplicación.
   --- End of inner exception stack trace ---
   at System.Net.Sockets.Socket.AwaitableSocketAsyncEventArgs.ThrowException(SocketError error, CancellationToken cancellationToken)
   at System.Net.Sockets.Socket.AwaitableSocketAsyncEventArgs.System.Threading.Tasks.Sources.IValueTaskSource<System.Int32>.GetResult(Int16 token)
   at System.Net.Security.SslStream.EnsureFullTlsFrameAsync[TIOAdapter](CancellationToken cancellationToken, Int32 estimatedSize)
   at System.Runtime.CompilerServices.PoolingAsyncValueTaskMethodBuilder`1.StateMachineBox`1.System.Threading.Tasks.Sources.IValueTaskSource<TResult>.GetResult(Int16 token)
   at System.Net.Security.SslStream.ReadAsyncInternal[TIOAdapter](Memory`1 buffer, CancellationToken cancellationToken)
   at System.Runtime.CompilerServices.PoolingAsyncValueTaskMethodBuilder`1.StateMachineBox`1.System.Threading.Tasks.Sources.IValueTaskSource<TResult>.GetResult(Int16 token)
   at System.Net.Http.HttpConnection.SendAsync(HttpRequestMessage request, Boolean async, CancellationToken cancellationToken)
   --- End of inner exception stack trace ---
   at System.Net.Http.HttpConnection.SendAsync(HttpRequestMessage request, Boolean async, CancellationToken cancellationToken)
   at System.Net.Http.AuthenticationHelper.SendWithNtAuthAsync(HttpRequestMessage request, Uri authUri, Boolean async, ICredentials credentials, Boolean isProxyAuth, HttpConnection connection, HttpConnectionPool connectionPool, CancellationToken cancellationToken)
   at System.Net.Http.HttpConnectionPool.SendWithVersionDetectionAndRetryAsync(HttpRequestMessage request, Boolean async, Boolean doRequestAuth, CancellationToken cancellationToken)
   at System.Net.Http.AuthenticationHelper.SendWithAuthAsync(HttpRequestMessage request, Uri authUri, Boolean async, ICredentials credentials, Boolean preAuthenticate, Boolean isProxyAuth, Boolean doRequestAuth, HttpConnectionPool pool, CancellationToken cancellationToken)
   at System.Net.Http.RedirectHandler.SendAsync(HttpRequestMessage request, Boolean async, CancellationToken cancellationToken)
   at GitHub.Services.Common.RawHttpMessageHandler.SendAsync(HttpRequestMessage request, CancellationToken cancellationToken)
[2026-08-26 19:16:57Z ERR  BrokerServer] #####################################################
[2026-08-26 19:16:57Z ERR  BrokerServer] System.IO.IOException: Unable to read data from the transport connection: La operación de E/S se anuló por una salida de subproceso o por una solicitud de aplicación..
 ---> System.Net.Sockets.SocketException (995): La operación de E/S se anuló por una salida de subproceso o por una solicitud de aplicación.
   --- End of inner exception stack trace ---
   at System.Net.Sockets.Socket.AwaitableSocketAsyncEventArgs.ThrowException(SocketError error, CancellationToken cancellationToken)
   at System.Net.Sockets.Socket.AwaitableSocketAsyncEventArgs.System.Threading.Tasks.Sources.IValueTaskSource<System.Int32>.GetResult(Int16 token)
   at System.Net.Security.SslStream.EnsureFullTlsFrameAsync[TIOAdapter](CancellationToken cancellationToken, Int32 estimatedSize)
   at System.Runtime.CompilerServices.PoolingAsyncValueTaskMethodBuilder`1.StateMachineBox`1.System.Threading.Tasks.Sources.IValueTaskSource<TResult>.GetResult(Int16 token)
   at System.Net.Security.SslStream.ReadAsyncInternal[TIOAdapter](Memory`1 buffer, CancellationToken cancellationToken)
   at System.Runtime.CompilerServices.PoolingAsyncValueTaskMethodBuilder`1.StateMachineBox`1.System.Threading.Tasks.Sources.IValueTaskSource<TResult>.GetResult(Int16 token)
   at System.Net.Http.HttpConnection.SendAsync(HttpRequestMessage request, Boolean async, CancellationToken cancellationToken)
[2026-08-26 19:16:57Z ERR  BrokerServer] #####################################################
[2026-08-26 19:16:57Z ERR  BrokerServer] System.Net.Sockets.SocketException (995): La operación de E/S se anuló por una salida de subproceso o por una solicitud de aplicación.
[2026-08-26 19:16:57Z WARN BrokerServer] Back off 10.878 seconds before next retry. 4 attempt left.
[2026-08-26 19:17:08Z INFO RSAEncryptedFileKeyManager] Loading RSA key parameters from file D:\actions-runner\.credentials_rsaparams
[2026-08-26 19:17:08Z INFO GitHubActionsService] AAD Correlation ID for this token request: Unknown
[2026-08-26 19:48:35Z INFO BrokerMessageListener] Acknowledging runner request '69549fbb-8ac9-5f74-8a9b-35aa76dbd523'.
[2026-08-26 19:48:36Z INFO ConfigurationStore] HasCredentials()
[2026-08-26 19:48:36Z INFO ConfigurationStore] stored True
[2026-08-26 19:48:36Z INFO CredentialManager] GetCredentialProvider
[2026-08-26 19:48:36Z INFO CredentialManager] Creating type OAuth
[2026-08-26 19:48:36Z INFO CredentialManager] Creating credential type: OAuth
[2026-08-26 19:48:36Z INFO RSAEncryptedFileKeyManager] Loading RSA key parameters from file D:\actions-runner\.credentials_rsaparams
[2026-08-26 19:48:36Z INFO RSAEncryptedFileKeyManager] Loading RSA key parameters from file D:\actions-runner\.credentials_rsaparams
[2026-08-26 19:48:36Z INFO RSAEncryptedFileKeyManager] Loading RSA key parameters from file D:\actions-runner\.credentials_rsaparams
[2026-08-26 19:48:36Z INFO GitHubActionsService] AAD Correlation ID for this token request: Unknown
[2026-08-26 19:48:37Z INFO JobDispatcher] Job request 0 for plan 2f8081e6-b8ec-4fbd-a37b-248218dcc664 job 69549fbb-8ac9-5f74-8a9b-35aa76dbd523 received.
[2026-08-26 19:48:37Z INFO JobDispatcher] Pull OrchestrationId 2f8081e6-b8ec-4fbd-a37b-248218dcc664.deploy.__default from JWT claims
[2026-08-26 19:48:37Z INFO BrokerMessageListener] Received job status event. JobState: Busy
[2026-08-26 19:48:37Z INFO BrokerMessageListener] _getMessagesTokenSource is already disposed.
[2026-08-26 19:48:37Z INFO Terminal] WRITE LINE: 2026-08-26 19:48:37Z: Running job: deploy
[2026-08-26 19:48:37Z INFO JobDispatcher] Start renew job request 0 for job 69549fbb-8ac9-5f74-8a9b-35aa76dbd523.
[2026-08-26 19:48:37Z INFO JobDispatcher] Successfully renew job 69549fbb-8ac9-5f74-8a9b-35aa76dbd523, job is valid till 26/08/2026 07:58:24 p. m.
[2026-08-26 19:48:37Z INFO HostContext] Well known directory 'Bin': 'D:\actions-runner\bin'
[2026-08-26 19:48:37Z INFO ProcessInvokerWrapper] Starting process:
[2026-08-26 19:48:37Z INFO ProcessInvokerWrapper]   File name: 'D:\actions-runner\bin\Runner.Worker.exe'
[2026-08-26 19:48:37Z INFO ProcessInvokerWrapper]   Arguments: 'spawnclient 2152 2568'
[2026-08-26 19:48:37Z INFO ProcessInvokerWrapper]   Working directory: 'D:\actions-runner\bin'
[2026-08-26 19:48:37Z INFO ProcessInvokerWrapper]   Require exit code zero: 'False'
[2026-08-26 19:48:37Z INFO ProcessInvokerWrapper]   Encoding web name:  ; code page: ''
[2026-08-26 19:48:37Z INFO ProcessInvokerWrapper]   Force kill process on cancellation: 'True'
[2026-08-26 19:48:37Z INFO ProcessInvokerWrapper]   Redirected STDIN: 'False'
[2026-08-26 19:48:37Z INFO ProcessInvokerWrapper]   Persist current code page: 'False'
[2026-08-26 19:48:37Z INFO ProcessInvokerWrapper]   Keep redirected STDIN open: 'False'
[2026-08-26 19:48:37Z INFO ProcessInvokerWrapper]   High priority process: 'True'
[2026-08-26 19:48:38Z INFO ProcessInvokerWrapper] Process started with process id 4012, waiting for process exit.
[2026-08-26 19:48:38Z INFO JobDispatcher] Send job request message to worker for job 69549fbb-8ac9-5f74-8a9b-35aa76dbd523.
[2026-08-26 19:48:38Z INFO ProcessChannel] Sending message of length 23659, with hash 'd05f7089ea606c25863b295f444bde9b49d79c76927d9d710408becd97240939'
[2026-08-26 19:48:41Z INFO JobNotification] Entering JobStarted Notification
[2026-08-26 19:48:41Z INFO JobNotification] Entering StartMonitor
[2026-08-26 19:49:16Z INFO ProcessInvokerWrapper] STDOUT/STDERR stream read finished.
[2026-08-26 19:49:16Z INFO ProcessInvokerWrapper] STDOUT/STDERR stream read finished.
[2026-08-26 19:49:16Z INFO ProcessInvokerWrapper] Finished process 4012 with exit code 102, and elapsed time 00:00:38.9673695.
[2026-08-26 19:49:16Z INFO JobDispatcher] Worker finished for job 69549fbb-8ac9-5f74-8a9b-35aa76dbd523. Code: 102
[2026-08-26 19:49:16Z INFO JobDispatcher] finish job request for job 69549fbb-8ac9-5f74-8a9b-35aa76dbd523 with result: Failed
[2026-08-26 19:49:16Z INFO Terminal] WRITE LINE: 2026-08-26 19:49:16Z: Job deploy completed with result: Failed
[2026-08-26 19:49:16Z INFO JobDispatcher] Stop renew job request for job 69549fbb-8ac9-5f74-8a9b-35aa76dbd523.
[2026-08-26 19:49:16Z INFO JobDispatcher] job renew has been cancelled, stop renew job 69549fbb-8ac9-5f74-8a9b-35aa76dbd523.
[2026-08-26 19:49:16Z INFO JobNotification] Entering JobCompleted Notification
[2026-08-26 19:49:16Z INFO JobNotification] Entering EndMonitor
[2026-08-26 19:49:16Z INFO BrokerMessageListener] Received job status event. JobState: Online
[2026-08-26 19:49:16Z WARN GitHubActionsService] GET request to https://broker.actions.githubusercontent.com/message?sessionId=61431501-b040-418b-92aa-b3a8374bce3b&status=Busy&runnerVersion=2.336.0&os=Windows&architecture=X64&disableUpdate=false has been cancelled.
[2026-08-26 19:49:16Z ERR  BrokerServer] Catch exception during request
[2026-08-26 19:49:16Z ERR  BrokerServer] System.Threading.Tasks.TaskCanceledException: The operation was canceled.
 ---> System.Threading.Tasks.TaskCanceledException: The operation was canceled.
 ---> System.IO.IOException: Unable to read data from the transport connection: La operación de E/S se anuló por una salida de subproceso o por una solicitud de aplicación..
 ---> System.Net.Sockets.SocketException (995): La operación de E/S se anuló por una salida de subproceso o por una solicitud de aplicación.
   --- End of inner exception stack trace ---
   at System.Net.Sockets.Socket.AwaitableSocketAsyncEventArgs.ThrowException(SocketError error, CancellationToken cancellationToken)
   at System.Net.Sockets.Socket.AwaitableSocketAsyncEventArgs.System.Threading.Tasks.Sources.IValueTaskSource<System.Int32>.GetResult(Int16 token)
   at System.Net.Security.SslStream.EnsureFullTlsFrameAsync[TIOAdapter](CancellationToken cancellationToken, Int32 estimatedSize)
   at System.Runtime.CompilerServices.PoolingAsyncValueTaskMethodBuilder`1.StateMachineBox`1.System.Threading.Tasks.Sources.IValueTaskSource<TResult>.GetResult(Int16 token)
   at System.Net.Security.SslStream.ReadAsyncInternal[TIOAdapter](Memory`1 buffer, CancellationToken cancellationToken)
   at System.Runtime.CompilerServices.PoolingAsyncValueTaskMethodBuilder`1.StateMachineBox`1.System.Threading.Tasks.Sources.IValueTaskSource<TResult>.GetResult(Int16 token)
   at System.Net.Http.HttpConnection.SendAsync(HttpRequestMessage request, Boolean async, CancellationToken cancellationToken)
   --- End of inner exception stack trace ---
   at System.Net.Http.HttpConnection.SendAsync(HttpRequestMessage request, Boolean async, CancellationToken cancellationToken)
   at System.Net.Http.AuthenticationHelper.SendWithNtAuthAsync(HttpRequestMessage request, Uri authUri, Boolean async, ICredentials credentials, Boolean isProxyAuth, HttpConnection connection, HttpConnectionPool connectionPool, CancellationToken cancellationToken)
   at System.Net.Http.HttpConnectionPool.SendWithVersionDetectionAndRetryAsync(HttpRequestMessage request, Boolean async, Boolean doRequestAuth, CancellationToken cancellationToken)
   at System.Net.Http.AuthenticationHelper.SendWithAuthAsync(HttpRequestMessage request, Uri authUri, Boolean async, ICredentials credentials, Boolean preAuthenticate, Boolean isProxyAuth, Boolean doRequestAuth, HttpConnectionPool pool, CancellationToken cancellationToken)
   at System.Net.Http.RedirectHandler.SendAsync(HttpRequestMessage request, Boolean async, CancellationToken cancellationToken)
   at GitHub.Services.Common.RawHttpMessageHandler.SendAsync(HttpRequestMessage request, CancellationToken cancellationToken)
   at GitHub.Services.Common.VssHttpRetryMessageHandler.SendAsync(HttpRequestMessage request, CancellationToken cancellationToken)
   at System.Net.Http.HttpClient.<SendAsync>g__Core|83_0(HttpRequestMessage request, HttpCompletionOption completionOption, CancellationTokenSource cts, Boolean disposeCts, CancellationTokenSource pendingRequestsCts, CancellationToken originalCancellationToken)
   --- End of inner exception stack trace ---
   at System.Net.Http.HttpClient.HandleFailure(Exception e, Boolean telemetryStarted, HttpResponseMessage response, CancellationTokenSource cts, CancellationToken cancellationToken, CancellationTokenSource pendingRequestsCts)
   at System.Net.Http.HttpClient.<SendAsync>g__Core|83_0(HttpRequestMessage request, HttpCompletionOption completionOption, CancellationTokenSource cts, Boolean disposeCts, CancellationTokenSource pendingRequestsCts, CancellationToken originalCancellationToken)
   at Sdk.WebApi.WebApi.RawHttpClientBase.SendAsync(HttpRequestMessage message, HttpCompletionOption completionOption, Object userState, CancellationToken cancellationToken)
   at Sdk.WebApi.WebApi.RawHttpClientBase.SendAsync[T](HttpRequestMessage message, Boolean readErrorBody, Object userState, CancellationToken cancellationToken)
   at Sdk.WebApi.WebApi.RawHttpClientBase.SendAsync[T](HttpMethod method, IEnumerable`1 additionalHeaders, Uri requestUri, HttpContent content, IEnumerable`1 queryParameters, Boolean readErrorBody, Object userState, CancellationToken cancellationToken)
   at GitHub.Actions.RunService.WebApi.BrokerHttpClient.GetRunnerMessageAsync(Nullable`1 sessionId, String runnerVersion, Nullable`1 status, String os, String architecture, Nullable`1 disableUpdate, CancellationToken cancellationToken)
   at GitHub.Runner.Common.BrokerServer.<>c__DisplayClass7_0.<<GetRunnerMessageAsync>b__0>d.MoveNext()
--- End of stack trace from previous location ---
   at GitHub.Runner.Common.RunnerService.RetryRequest[T](Func`1 func, CancellationToken cancellationToken, Int32 maxAttempts, Func`2 shouldRetry)
[2026-08-26 19:49:16Z ERR  BrokerServer] #####################################################
[2026-08-26 19:49:16Z ERR  BrokerServer] System.Threading.Tasks.TaskCanceledException: The operation was canceled.
 ---> System.IO.IOException: Unable to read data from the transport connection: La operación de E/S se anuló por una salida de subproceso o por una solicitud de aplicación..
 ---> System.Net.Sockets.SocketException (995): La operación de E/S se anuló por una salida de subproceso o por una solicitud de aplicación.
   --- End of inner exception stack trace ---
   at System.Net.Sockets.Socket.AwaitableSocketAsyncEventArgs.ThrowException(SocketError error, CancellationToken cancellationToken)
   at System.Net.Sockets.Socket.AwaitableSocketAsyncEventArgs.System.Threading.Tasks.Sources.IValueTaskSource<System.Int32>.GetResult(Int16 token)
   at System.Net.Security.SslStream.EnsureFullTlsFrameAsync[TIOAdapter](CancellationToken cancellationToken, Int32 estimatedSize)
   at System.Runtime.CompilerServices.PoolingAsyncValueTaskMethodBuilder`1.StateMachineBox`1.System.Threading.Tasks.Sources.IValueTaskSource<TResult>.GetResult(Int16 token)
   at System.Net.Security.SslStream.ReadAsyncInternal[TIOAdapter](Memory`1 buffer, CancellationToken cancellationToken)
   at System.Runtime.CompilerServices.PoolingAsyncValueTaskMethodBuilder`1.StateMachineBox`1.System.Threading.Tasks.Sources.IValueTaskSource<TResult>.GetResult(Int16 token)
   at System.Net.Http.HttpConnection.SendAsync(HttpRequestMessage request, Boolean async, CancellationToken cancellationToken)
   --- End of inner exception stack trace ---
   at System.Net.Http.HttpConnection.SendAsync(HttpRequestMessage request, Boolean async, CancellationToken cancellationToken)
   at System.Net.Http.AuthenticationHelper.SendWithNtAuthAsync(HttpRequestMessage request, Uri authUri, Boolean async, ICredentials credentials, Boolean isProxyAuth, HttpConnection connection, HttpConnectionPool connectionPool, CancellationToken cancellationToken)
   at System.Net.Http.HttpConnectionPool.SendWithVersionDetectionAndRetryAsync(HttpRequestMessage request, Boolean async, Boolean doRequestAuth, CancellationToken cancellationToken)
   at System.Net.Http.AuthenticationHelper.SendWithAuthAsync(HttpRequestMessage request, Uri authUri, Boolean async, ICredentials credentials, Boolean preAuthenticate, Boolean isProxyAuth, Boolean doRequestAuth, HttpConnectionPool pool, CancellationToken cancellationToken)
   at System.Net.Http.RedirectHandler.SendAsync(HttpRequestMessage request, Boolean async, CancellationToken cancellationToken)
   at GitHub.Services.Common.RawHttpMessageHandler.SendAsync(HttpRequestMessage request, CancellationToken cancellationToken)
   at GitHub.Services.Common.VssHttpRetryMessageHandler.SendAsync(HttpRequestMessage request, CancellationToken cancellationToken)
   at System.Net.Http.HttpClient.<SendAsync>g__Core|83_0(HttpRequestMessage request, HttpCompletionOption completionOption, CancellationTokenSource cts, Boolean disposeCts, CancellationTokenSource pendingRequestsCts, CancellationToken originalCancellationToken)
[2026-08-26 19:49:16Z ERR  BrokerServer] #####################################################
[2026-08-26 19:49:16Z ERR  BrokerServer] System.IO.IOException: Unable to read data from the transport connection: La operación de E/S se anuló por una salida de subproceso o por una solicitud de aplicación..
 ---> System.Net.Sockets.SocketException (995): La operación de E/S se anuló por una salida de subproceso o por una solicitud de aplicación.
   --- End of inner exception stack trace ---
   at System.Net.Sockets.Socket.AwaitableSocketAsyncEventArgs.ThrowException(SocketError error, CancellationToken cancellationToken)
   at System.Net.Sockets.Socket.AwaitableSocketAsyncEventArgs.System.Threading.Tasks.Sources.IValueTaskSource<System.Int32>.GetResult(Int16 token)
   at System.Net.Security.SslStream.EnsureFullTlsFrameAsync[TIOAdapter](CancellationToken cancellationToken, Int32 estimatedSize)
   at System.Runtime.CompilerServices.PoolingAsyncValueTaskMethodBuilder`1.StateMachineBox`1.System.Threading.Tasks.Sources.IValueTaskSource<TResult>.GetResult(Int16 token)
   at System.Net.Security.SslStream.ReadAsyncInternal[TIOAdapter](Memory`1 buffer, CancellationToken cancellationToken)
   at System.Runtime.CompilerServices.PoolingAsyncValueTaskMethodBuilder`1.StateMachineBox`1.System.Threading.Tasks.Sources.IValueTaskSource<TResult>.GetResult(Int16 token)
   at System.Net.Http.HttpConnection.SendAsync(HttpRequestMessage request, Boolean async, CancellationToken cancellationToken)
[2026-08-26 19:49:16Z ERR  BrokerServer] #####################################################
[2026-08-26 19:49:16Z ERR  BrokerServer] System.Net.Sockets.SocketException (995): La operación de E/S se anuló por una salida de subproceso o por una solicitud de aplicación.
[2026-08-26 19:49:16Z WARN BrokerServer] Back off 12.532 seconds before next retry. 4 attempt left.
[2026-08-26 19:49:16Z INFO BrokerMessageListener] Get messages has been cancelled using local token source. Continue to get messages with new status.
[2026-08-26 20:01:06Z INFO BrokerMessageListener] Acknowledging runner request '50d22095-0b2f-50e1-9df9-c0de0b3e72b8'.
[2026-08-26 20:01:06Z INFO ConfigurationStore] HasCredentials()
[2026-08-26 20:01:06Z INFO ConfigurationStore] stored True
[2026-08-26 20:01:06Z INFO CredentialManager] GetCredentialProvider
[2026-08-26 20:01:06Z INFO CredentialManager] Creating type OAuth
[2026-08-26 20:01:06Z INFO CredentialManager] Creating credential type: OAuth
[2026-08-26 20:01:06Z INFO RSAEncryptedFileKeyManager] Loading RSA key parameters from file D:\actions-runner\.credentials_rsaparams
[2026-08-26 20:01:06Z INFO RSAEncryptedFileKeyManager] Loading RSA key parameters from file D:\actions-runner\.credentials_rsaparams
[2026-08-26 20:01:06Z INFO RSAEncryptedFileKeyManager] Loading RSA key parameters from file D:\actions-runner\.credentials_rsaparams
[2026-08-26 20:01:07Z INFO GitHubActionsService] AAD Correlation ID for this token request: Unknown
[2026-08-26 20:01:07Z INFO JobDispatcher] Job request 0 for plan 8422aaf4-f373-4bb3-862b-c3c4d0ac44ce job 50d22095-0b2f-50e1-9df9-c0de0b3e72b8 received.
[2026-08-26 20:01:07Z INFO JobDispatcher] Pull OrchestrationId 8422aaf4-f373-4bb3-862b-c3c4d0ac44ce.deploy.__default from JWT claims
[2026-08-26 20:01:07Z INFO BrokerMessageListener] Received job status event. JobState: Busy
[2026-08-26 20:01:07Z INFO BrokerMessageListener] _getMessagesTokenSource is already disposed.
[2026-08-26 20:01:07Z INFO JobDispatcher] Job request 69549fbb-8ac9-5f74-8a9b-35aa76dbd523 processed succeed.
[2026-08-26 20:01:07Z INFO Terminal] WRITE LINE: 2026-08-26 20:01:07Z: Running job: deploy
[2026-08-26 20:01:07Z INFO JobDispatcher] Start renew job request 0 for job 50d22095-0b2f-50e1-9df9-c0de0b3e72b8.
[2026-08-26 20:01:08Z INFO JobDispatcher] Successfully renew job 50d22095-0b2f-50e1-9df9-c0de0b3e72b8, job is valid till 26/08/2026 08:10:55 p. m.
[2026-08-26 20:01:08Z INFO HostContext] Well known directory 'Bin': 'D:\actions-runner\bin'
[2026-08-26 20:01:08Z INFO ProcessInvokerWrapper] Starting process:
[2026-08-26 20:01:08Z INFO ProcessInvokerWrapper]   File name: 'D:\actions-runner\bin\Runner.Worker.exe'
[2026-08-26 20:01:08Z INFO ProcessInvokerWrapper]   Arguments: 'spawnclient 1968 2480'
[2026-08-26 20:01:08Z INFO ProcessInvokerWrapper]   Working directory: 'D:\actions-runner\bin'
[2026-08-26 20:01:08Z INFO ProcessInvokerWrapper]   Require exit code zero: 'False'
[2026-08-26 20:01:08Z INFO ProcessInvokerWrapper]   Encoding web name:  ; code page: ''
[2026-08-26 20:01:08Z INFO ProcessInvokerWrapper]   Force kill process on cancellation: 'True'
[2026-08-26 20:01:08Z INFO ProcessInvokerWrapper]   Redirected STDIN: 'False'
[2026-08-26 20:01:08Z INFO ProcessInvokerWrapper]   Persist current code page: 'False'
[2026-08-26 20:01:08Z INFO ProcessInvokerWrapper]   Keep redirected STDIN open: 'False'
[2026-08-26 20:01:08Z INFO ProcessInvokerWrapper]   High priority process: 'True'
[2026-08-26 20:01:08Z INFO ProcessInvokerWrapper] Process started with process id 6412, waiting for process exit.
[2026-08-26 20:01:08Z INFO JobDispatcher] Send job request message to worker for job 50d22095-0b2f-50e1-9df9-c0de0b3e72b8.
[2026-08-26 20:01:08Z INFO ProcessChannel] Sending message of length 23660, with hash '613d5183306fb369d6cb1fde681fcf083437e8de00ce9bafb3584114dc64e4d8'
[2026-08-26 20:01:08Z INFO JobNotification] Entering JobStarted Notification
[2026-08-26 20:01:08Z INFO JobNotification] Entering StartMonitor
[2026-08-26 20:01:57Z INFO ProcessInvokerWrapper] STDOUT/STDERR stream read finished.
[2026-08-26 20:01:57Z INFO ProcessInvokerWrapper] STDOUT/STDERR stream read finished.
[2026-08-26 20:01:57Z INFO ProcessInvokerWrapper] Finished process 6412 with exit code 102, and elapsed time 00:00:49.0048515.
[2026-08-26 20:01:57Z INFO JobDispatcher] Worker finished for job 50d22095-0b2f-50e1-9df9-c0de0b3e72b8. Code: 102
[2026-08-26 20:01:57Z INFO JobDispatcher] finish job request for job 50d22095-0b2f-50e1-9df9-c0de0b3e72b8 with result: Failed
[2026-08-26 20:01:57Z INFO Terminal] WRITE LINE: 2026-08-26 20:01:57Z: Job deploy completed with result: Failed
[2026-08-26 20:01:57Z INFO JobDispatcher] Stop renew job request for job 50d22095-0b2f-50e1-9df9-c0de0b3e72b8.
[2026-08-26 20:01:57Z INFO JobDispatcher] job renew has been cancelled, stop renew job 50d22095-0b2f-50e1-9df9-c0de0b3e72b8.
[2026-08-26 20:01:57Z INFO JobNotification] Entering JobCompleted Notification
[2026-08-26 20:01:57Z INFO JobNotification] Entering EndMonitor
[2026-08-26 20:01:57Z INFO BrokerMessageListener] Received job status event. JobState: Online
[2026-08-26 20:01:57Z WARN GitHubActionsService] GET request to https://broker.actions.githubusercontent.com/message?sessionId=61431501-b040-418b-92aa-b3a8374bce3b&status=Busy&runnerVersion=2.336.0&os=Windows&architecture=X64&disableUpdate=false has been cancelled.
[2026-08-26 20:01:57Z ERR  BrokerServer] Catch exception during request
[2026-08-26 20:01:57Z ERR  BrokerServer] System.Threading.Tasks.TaskCanceledException: The operation was canceled.
 ---> System.Threading.Tasks.TaskCanceledException: The operation was canceled.
 ---> System.IO.IOException: Unable to read data from the transport connection: La operación de E/S se anuló por una salida de subproceso o por una solicitud de aplicación..
 ---> System.Net.Sockets.SocketException (995): La operación de E/S se anuló por una salida de subproceso o por una solicitud de aplicación.
   --- End of inner exception stack trace ---
   at System.Net.Sockets.Socket.AwaitableSocketAsyncEventArgs.ThrowException(SocketError error, CancellationToken cancellationToken)
   at System.Net.Sockets.Socket.AwaitableSocketAsyncEventArgs.System.Threading.Tasks.Sources.IValueTaskSource<System.Int32>.GetResult(Int16 token)
   at System.Net.Security.SslStream.EnsureFullTlsFrameAsync[TIOAdapter](CancellationToken cancellationToken, Int32 estimatedSize)
   at System.Runtime.CompilerServices.PoolingAsyncValueTaskMethodBuilder`1.StateMachineBox`1.System.Threading.Tasks.Sources.IValueTaskSource<TResult>.GetResult(Int16 token)
   at System.Net.Security.SslStream.ReadAsyncInternal[TIOAdapter](Memory`1 buffer, CancellationToken cancellationToken)
   at System.Runtime.CompilerServices.PoolingAsyncValueTaskMethodBuilder`1.StateMachineBox`1.System.Threading.Tasks.Sources.IValueTaskSource<TResult>.GetResult(Int16 token)
   at System.Net.Http.HttpConnection.SendAsync(HttpRequestMessage request, Boolean async, CancellationToken cancellationToken)
   --- End of inner exception stack trace ---
   at System.Net.Http.HttpConnection.SendAsync(HttpRequestMessage request, Boolean async, CancellationToken cancellationToken)
   at System.Net.Http.AuthenticationHelper.SendWithNtAuthAsync(HttpRequestMessage request, Uri authUri, Boolean async, ICredentials credentials, Boolean isProxyAuth, HttpConnection connection, HttpConnectionPool connectionPool, CancellationToken cancellationToken)
   at System.Net.Http.HttpConnectionPool.SendWithVersionDetectionAndRetryAsync(HttpRequestMessage request, Boolean async, Boolean doRequestAuth, CancellationToken cancellationToken)
   at System.Net.Http.AuthenticationHelper.SendWithAuthAsync(HttpRequestMessage request, Uri authUri, Boolean async, ICredentials credentials, Boolean preAuthenticate, Boolean isProxyAuth, Boolean doRequestAuth, HttpConnectionPool pool, CancellationToken cancellationToken)
   at System.Net.Http.RedirectHandler.SendAsync(HttpRequestMessage request, Boolean async, CancellationToken cancellationToken)
   at GitHub.Services.Common.RawHttpMessageHandler.SendAsync(HttpRequestMessage request, CancellationToken cancellationToken)
   at GitHub.Services.Common.VssHttpRetryMessageHandler.SendAsync(HttpRequestMessage request, CancellationToken cancellationToken)
   at System.Net.Http.HttpClient.<SendAsync>g__Core|83_0(HttpRequestMessage request, HttpCompletionOption completionOption, CancellationTokenSource cts, Boolean disposeCts, CancellationTokenSource pendingRequestsCts, CancellationToken originalCancellationToken)
   --- End of inner exception stack trace ---
   at System.Net.Http.HttpClient.HandleFailure(Exception e, Boolean telemetryStarted, HttpResponseMessage response, CancellationTokenSource cts, CancellationToken cancellationToken, CancellationTokenSource pendingRequestsCts)
   at System.Net.Http.HttpClient.<SendAsync>g__Core|83_0(HttpRequestMessage request, HttpCompletionOption completionOption, CancellationTokenSource cts, Boolean disposeCts, CancellationTokenSource pendingRequestsCts, CancellationToken originalCancellationToken)
   at Sdk.WebApi.WebApi.RawHttpClientBase.SendAsync(HttpRequestMessage message, HttpCompletionOption completionOption, Object userState, CancellationToken cancellationToken)
   at Sdk.WebApi.WebApi.RawHttpClientBase.SendAsync[T](HttpRequestMessage message, Boolean readErrorBody, Object userState, CancellationToken cancellationToken)
   at Sdk.WebApi.WebApi.RawHttpClientBase.SendAsync[T](HttpMethod method, IEnumerable`1 additionalHeaders, Uri requestUri, HttpContent content, IEnumerable`1 queryParameters, Boolean readErrorBody, Object userState, CancellationToken cancellationToken)
   at GitHub.Actions.RunService.WebApi.BrokerHttpClient.GetRunnerMessageAsync(Nullable`1 sessionId, String runnerVersion, Nullable`1 status, String os, String architecture, Nullable`1 disableUpdate, CancellationToken cancellationToken)
   at GitHub.Runner.Common.BrokerServer.<>c__DisplayClass7_0.<<GetRunnerMessageAsync>b__0>d.MoveNext()
--- End of stack trace from previous location ---
   at GitHub.Runner.Common.RunnerService.RetryRequest[T](Func`1 func, CancellationToken cancellationToken, Int32 maxAttempts, Func`2 shouldRetry)
[2026-08-26 20:01:57Z ERR  BrokerServer] #####################################################
[2026-08-26 20:01:57Z ERR  BrokerServer] System.Threading.Tasks.TaskCanceledException: The operation was canceled.
 ---> System.IO.IOException: Unable to read data from the transport connection: La operación de E/S se anuló por una salida de subproceso o por una solicitud de aplicación..
 ---> System.Net.Sockets.SocketException (995): La operación de E/S se anuló por una salida de subproceso o por una solicitud de aplicación.
   --- End of inner exception stack trace ---
   at System.Net.Sockets.Socket.AwaitableSocketAsyncEventArgs.ThrowException(SocketError error, CancellationToken cancellationToken)
   at System.Net.Sockets.Socket.AwaitableSocketAsyncEventArgs.System.Threading.Tasks.Sources.IValueTaskSource<System.Int32>.GetResult(Int16 token)
   at System.Net.Security.SslStream.EnsureFullTlsFrameAsync[TIOAdapter](CancellationToken cancellationToken, Int32 estimatedSize)
   at System.Runtime.CompilerServices.PoolingAsyncValueTaskMethodBuilder`1.StateMachineBox`1.System.Threading.Tasks.Sources.IValueTaskSource<TResult>.GetResult(Int16 token)
   at System.Net.Security.SslStream.ReadAsyncInternal[TIOAdapter](Memory`1 buffer, CancellationToken cancellationToken)
   at System.Runtime.CompilerServices.PoolingAsyncValueTaskMethodBuilder`1.StateMachineBox`1.System.Threading.Tasks.Sources.IValueTaskSource<TResult>.GetResult(Int16 token)
   at System.Net.Http.HttpConnection.SendAsync(HttpRequestMessage request, Boolean async, CancellationToken cancellationToken)
   --- End of inner exception stack trace ---
   at System.Net.Http.HttpConnection.SendAsync(HttpRequestMessage request, Boolean async, CancellationToken cancellationToken)
   at System.Net.Http.AuthenticationHelper.SendWithNtAuthAsync(HttpRequestMessage request, Uri authUri, Boolean async, ICredentials credentials, Boolean isProxyAuth, HttpConnection connection, HttpConnectionPool connectionPool, CancellationToken cancellationToken)
   at System.Net.Http.HttpConnectionPool.SendWithVersionDetectionAndRetryAsync(HttpRequestMessage request, Boolean async, Boolean doRequestAuth, CancellationToken cancellationToken)
   at System.Net.Http.AuthenticationHelper.SendWithAuthAsync(HttpRequestMessage request, Uri authUri, Boolean async, ICredentials credentials, Boolean preAuthenticate, Boolean isProxyAuth, Boolean doRequestAuth, HttpConnectionPool pool, CancellationToken cancellationToken)
   at System.Net.Http.RedirectHandler.SendAsync(HttpRequestMessage request, Boolean async, CancellationToken cancellationToken)
   at GitHub.Services.Common.RawHttpMessageHandler.SendAsync(HttpRequestMessage request, CancellationToken cancellationToken)
   at GitHub.Services.Common.VssHttpRetryMessageHandler.SendAsync(HttpRequestMessage request, CancellationToken cancellationToken)
   at System.Net.Http.HttpClient.<SendAsync>g__Core|83_0(HttpRequestMessage request, HttpCompletionOption completionOption, CancellationTokenSource cts, Boolean disposeCts, CancellationTokenSource pendingRequestsCts, CancellationToken originalCancellationToken)
[2026-08-26 20:01:57Z ERR  BrokerServer] #####################################################
[2026-08-26 20:01:57Z ERR  BrokerServer] System.IO.IOException: Unable to read data from the transport connection: La operación de E/S se anuló por una salida de subproceso o por una solicitud de aplicación..
 ---> System.Net.Sockets.SocketException (995): La operación de E/S se anuló por una salida de subproceso o por una solicitud de aplicación.
   --- End of inner exception stack trace ---
   at System.Net.Sockets.Socket.AwaitableSocketAsyncEventArgs.ThrowException(SocketError error, CancellationToken cancellationToken)
   at System.Net.Sockets.Socket.AwaitableSocketAsyncEventArgs.System.Threading.Tasks.Sources.IValueTaskSource<System.Int32>.GetResult(Int16 token)
   at System.Net.Security.SslStream.EnsureFullTlsFrameAsync[TIOAdapter](CancellationToken cancellationToken, Int32 estimatedSize)
   at System.Runtime.CompilerServices.PoolingAsyncValueTaskMethodBuilder`1.StateMachineBox`1.System.Threading.Tasks.Sources.IValueTaskSource<TResult>.GetResult(Int16 token)
   at System.Net.Security.SslStream.ReadAsyncInternal[TIOAdapter](Memory`1 buffer, CancellationToken cancellationToken)
   at System.Runtime.CompilerServices.PoolingAsyncValueTaskMethodBuilder`1.StateMachineBox`1.System.Threading.Tasks.Sources.IValueTaskSource<TResult>.GetResult(Int16 token)
   at System.Net.Http.HttpConnection.SendAsync(HttpRequestMessage request, Boolean async, CancellationToken cancellationToken)
[2026-08-26 20:01:57Z ERR  BrokerServer] #####################################################
[2026-08-26 20:01:57Z ERR  BrokerServer] System.Net.Sockets.SocketException (995): La operación de E/S se anuló por una salida de subproceso o por una solicitud de aplicación.
[2026-08-26 20:01:57Z WARN BrokerServer] Back off 7.4 seconds before next retry. 4 attempt left.
[2026-08-26 20:01:57Z INFO BrokerMessageListener] Get messages has been cancelled using local token source. Continue to get messages with new status.
[2026-08-26 20:07:48Z INFO RSAEncryptedFileKeyManager] Loading RSA key parameters from file D:\actions-runner\.credentials_rsaparams
[2026-08-26 20:07:49Z INFO GitHubActionsService] AAD Correlation ID for this token request: Unknown
[2026-08-26 20:38:06Z INFO BrokerMessageListener] Acknowledging runner request '5f80f24f-0853-5101-8b91-318447cc2345'.
[2026-08-26 20:38:06Z INFO ConfigurationStore] HasCredentials()
[2026-08-26 20:38:06Z INFO ConfigurationStore] stored True
[2026-08-26 20:38:06Z INFO CredentialManager] GetCredentialProvider
[2026-08-26 20:38:06Z INFO CredentialManager] Creating type OAuth
[2026-08-26 20:38:06Z INFO CredentialManager] Creating credential type: OAuth
[2026-08-26 20:38:06Z INFO RSAEncryptedFileKeyManager] Loading RSA key parameters from file D:\actions-runner\.credentials_rsaparams
[2026-08-26 20:38:06Z INFO RSAEncryptedFileKeyManager] Loading RSA key parameters from file D:\actions-runner\.credentials_rsaparams
[2026-08-26 20:38:06Z INFO RSAEncryptedFileKeyManager] Loading RSA key parameters from file D:\actions-runner\.credentials_rsaparams
[2026-08-26 20:38:06Z INFO GitHubActionsService] AAD Correlation ID for this token request: Unknown
[2026-08-26 20:38:07Z INFO JobDispatcher] Job request 0 for plan 7fbb65d1-8999-499d-af2c-48d928516989 job 5f80f24f-0853-5101-8b91-318447cc2345 received.
[2026-08-26 20:38:07Z INFO JobDispatcher] Pull OrchestrationId 7fbb65d1-8999-499d-af2c-48d928516989.deploy.__default from JWT claims
[2026-08-26 20:38:07Z INFO BrokerMessageListener] Received job status event. JobState: Busy
[2026-08-26 20:38:07Z INFO BrokerMessageListener] _getMessagesTokenSource is already disposed.
[2026-08-26 20:38:07Z INFO JobDispatcher] Job request 50d22095-0b2f-50e1-9df9-c0de0b3e72b8 processed succeed.
[2026-08-26 20:38:07Z INFO Terminal] WRITE LINE: 2026-08-26 20:38:07Z: Running job: deploy
[2026-08-26 20:38:07Z INFO JobDispatcher] Start renew job request 0 for job 5f80f24f-0853-5101-8b91-318447cc2345.
[2026-08-26 20:38:07Z INFO JobDispatcher] Successfully renew job 5f80f24f-0853-5101-8b91-318447cc2345, job is valid till 26/08/2026 08:47:55 p. m.
[2026-08-26 20:38:07Z INFO HostContext] Well known directory 'Bin': 'D:\actions-runner\bin'
[2026-08-26 20:38:07Z INFO ProcessInvokerWrapper] Starting process:
[2026-08-26 20:38:07Z INFO ProcessInvokerWrapper]   File name: 'D:\actions-runner\bin\Runner.Worker.exe'
[2026-08-26 20:38:07Z INFO ProcessInvokerWrapper]   Arguments: 'spawnclient 1272 2428'
[2026-08-26 20:38:07Z INFO ProcessInvokerWrapper]   Working directory: 'D:\actions-runner\bin'
[2026-08-26 20:38:07Z INFO ProcessInvokerWrapper]   Require exit code zero: 'False'
[2026-08-26 20:38:07Z INFO ProcessInvokerWrapper]   Encoding web name:  ; code page: ''
[2026-08-26 20:38:07Z INFO ProcessInvokerWrapper]   Force kill process on cancellation: 'True'
[2026-08-26 20:38:07Z INFO ProcessInvokerWrapper]   Redirected STDIN: 'False'
[2026-08-26 20:38:07Z INFO ProcessInvokerWrapper]   Persist current code page: 'False'
[2026-08-26 20:38:07Z INFO ProcessInvokerWrapper]   Keep redirected STDIN open: 'False'
[2026-08-26 20:38:07Z INFO ProcessInvokerWrapper]   High priority process: 'True'
[2026-08-26 20:38:07Z INFO ProcessInvokerWrapper] Process started with process id 4460, waiting for process exit.
[2026-08-26 20:38:07Z INFO JobDispatcher] Send job request message to worker for job 5f80f24f-0853-5101-8b91-318447cc2345.
[2026-08-26 20:38:07Z INFO ProcessChannel] Sending message of length 21950, with hash '559b140b4024658e98d61a3db7dde134bb03de68da0cd6a7f0449acc87b233cb'
[2026-08-26 20:38:08Z INFO JobNotification] Entering JobStarted Notification
[2026-08-26 20:38:08Z INFO JobNotification] Entering StartMonitor
[2026-08-26 20:38:38Z INFO ProcessInvokerWrapper] STDOUT/STDERR stream read finished.
[2026-08-26 20:38:38Z INFO ProcessInvokerWrapper] STDOUT/STDERR stream read finished.
[2026-08-26 20:38:38Z INFO ProcessInvokerWrapper] Finished process 4460 with exit code 102, and elapsed time 00:00:30.9014381.
[2026-08-26 20:38:38Z INFO JobDispatcher] Worker finished for job 5f80f24f-0853-5101-8b91-318447cc2345. Code: 102
[2026-08-26 20:38:38Z INFO JobDispatcher] finish job request for job 5f80f24f-0853-5101-8b91-318447cc2345 with result: Failed
[2026-08-26 20:38:38Z INFO Terminal] WRITE LINE: 2026-08-26 20:38:38Z: Job deploy completed with result: Failed
[2026-08-26 20:38:38Z INFO JobDispatcher] Stop renew job request for job 5f80f24f-0853-5101-8b91-318447cc2345.
[2026-08-26 20:38:38Z INFO JobDispatcher] job renew has been cancelled, stop renew job 5f80f24f-0853-5101-8b91-318447cc2345.
[2026-08-26 20:38:38Z INFO JobNotification] Entering JobCompleted Notification
[2026-08-26 20:38:38Z INFO JobNotification] Entering EndMonitor
[2026-08-26 20:38:38Z INFO BrokerMessageListener] Received job status event. JobState: Online
[2026-08-26 20:38:38Z WARN GitHubActionsService] GET request to https://broker.actions.githubusercontent.com/message?sessionId=61431501-b040-418b-92aa-b3a8374bce3b&status=Busy&runnerVersion=2.336.0&os=Windows&architecture=X64&disableUpdate=false has been cancelled.
[2026-08-26 20:38:38Z ERR  BrokerServer] Catch exception during request
[2026-08-26 20:38:38Z ERR  BrokerServer] System.Threading.Tasks.TaskCanceledException: The operation was canceled.
 ---> System.Threading.Tasks.TaskCanceledException: The operation was canceled.
 ---> System.IO.IOException: Unable to read data from the transport connection: La operación de E/S se anuló por una salida de subproceso o por una solicitud de aplicación..
 ---> System.Net.Sockets.SocketException (995): La operación de E/S se anuló por una salida de subproceso o por una solicitud de aplicación.
   --- End of inner exception stack trace ---
   at System.Net.Sockets.Socket.AwaitableSocketAsyncEventArgs.ThrowException(SocketError error, CancellationToken cancellationToken)
   at System.Net.Sockets.Socket.AwaitableSocketAsyncEventArgs.System.Threading.Tasks.Sources.IValueTaskSource<System.Int32>.GetResult(Int16 token)
   at System.Net.Security.SslStream.EnsureFullTlsFrameAsync[TIOAdapter](CancellationToken cancellationToken, Int32 estimatedSize)
   at System.Runtime.CompilerServices.PoolingAsyncValueTaskMethodBuilder`1.StateMachineBox`1.System.Threading.Tasks.Sources.IValueTaskSource<TResult>.GetResult(Int16 token)
   at System.Net.Security.SslStream.ReadAsyncInternal[TIOAdapter](Memory`1 buffer, CancellationToken cancellationToken)
   at System.Runtime.CompilerServices.PoolingAsyncValueTaskMethodBuilder`1.StateMachineBox`1.System.Threading.Tasks.Sources.IValueTaskSource<TResult>.GetResult(Int16 token)
   at System.Net.Http.HttpConnection.SendAsync(HttpRequestMessage request, Boolean async, CancellationToken cancellationToken)
   --- End of inner exception stack trace ---
   at System.Net.Http.HttpConnection.SendAsync(HttpRequestMessage request, Boolean async, CancellationToken cancellationToken)
   at System.Net.Http.AuthenticationHelper.SendWithNtAuthAsync(HttpRequestMessage request, Uri authUri, Boolean async, ICredentials credentials, Boolean isProxyAuth, HttpConnection connection, HttpConnectionPool connectionPool, CancellationToken cancellationToken)
   at System.Net.Http.HttpConnectionPool.SendWithVersionDetectionAndRetryAsync(HttpRequestMessage request, Boolean async, Boolean doRequestAuth, CancellationToken cancellationToken)
   at System.Net.Http.AuthenticationHelper.SendWithAuthAsync(HttpRequestMessage request, Uri authUri, Boolean async, ICredentials credentials, Boolean preAuthenticate, Boolean isProxyAuth, Boolean doRequestAuth, HttpConnectionPool pool, CancellationToken cancellationToken)
   at System.Net.Http.RedirectHandler.SendAsync(HttpRequestMessage request, Boolean async, CancellationToken cancellationToken)
   at GitHub.Services.Common.RawHttpMessageHandler.SendAsync(HttpRequestMessage request, CancellationToken cancellationToken)
   at GitHub.Services.Common.VssHttpRetryMessageHandler.SendAsync(HttpRequestMessage request, CancellationToken cancellationToken)
   at System.Net.Http.HttpClient.<SendAsync>g__Core|83_0(HttpRequestMessage request, HttpCompletionOption completionOption, CancellationTokenSource cts, Boolean disposeCts, CancellationTokenSource pendingRequestsCts, CancellationToken originalCancellationToken)
   --- End of inner exception stack trace ---
   at System.Net.Http.HttpClient.HandleFailure(Exception e, Boolean telemetryStarted, HttpResponseMessage response, CancellationTokenSource cts, CancellationToken cancellationToken, CancellationTokenSource pendingRequestsCts)
   at System.Net.Http.HttpClient.<SendAsync>g__Core|83_0(HttpRequestMessage request, HttpCompletionOption completionOption, CancellationTokenSource cts, Boolean disposeCts, CancellationTokenSource pendingRequestsCts, CancellationToken originalCancellationToken)
   at Sdk.WebApi.WebApi.RawHttpClientBase.SendAsync(HttpRequestMessage message, HttpCompletionOption completionOption, Object userState, CancellationToken cancellationToken)
   at Sdk.WebApi.WebApi.RawHttpClientBase.SendAsync[T](HttpRequestMessage message, Boolean readErrorBody, Object userState, CancellationToken cancellationToken)
   at Sdk.WebApi.WebApi.RawHttpClientBase.SendAsync[T](HttpMethod method, IEnumerable`1 additionalHeaders, Uri requestUri, HttpContent content, IEnumerable`1 queryParameters, Boolean readErrorBody, Object userState, CancellationToken cancellationToken)
   at GitHub.Actions.RunService.WebApi.BrokerHttpClient.GetRunnerMessageAsync(Nullable`1 sessionId, String runnerVersion, Nullable`1 status, String os, String architecture, Nullable`1 disableUpdate, CancellationToken cancellationToken)
   at GitHub.Runner.Common.BrokerServer.<>c__DisplayClass7_0.<<GetRunnerMessageAsync>b__0>d.MoveNext()
--- End of stack trace from previous location ---
   at GitHub.Runner.Common.RunnerService.RetryRequest[T](Func`1 func, CancellationToken cancellationToken, Int32 maxAttempts, Func`2 shouldRetry)
[2026-08-26 20:38:38Z ERR  BrokerServer] #####################################################
[2026-08-26 20:38:38Z ERR  BrokerServer] System.Threading.Tasks.TaskCanceledException: The operation was canceled.
 ---> System.IO.IOException: Unable to read data from the transport connection: La operación de E/S se anuló por una salida de subproceso o por una solicitud de aplicación..
 ---> System.Net.Sockets.SocketException (995): La operación de E/S se anuló por una salida de subproceso o por una solicitud de aplicación.
   --- End of inner exception stack trace ---
   at System.Net.Sockets.Socket.AwaitableSocketAsyncEventArgs.ThrowException(SocketError error, CancellationToken cancellationToken)
   at System.Net.Sockets.Socket.AwaitableSocketAsyncEventArgs.System.Threading.Tasks.Sources.IValueTaskSource<System.Int32>.GetResult(Int16 token)
   at System.Net.Security.SslStream.EnsureFullTlsFrameAsync[TIOAdapter](CancellationToken cancellationToken, Int32 estimatedSize)
   at System.Runtime.CompilerServices.PoolingAsyncValueTaskMethodBuilder`1.StateMachineBox`1.System.Threading.Tasks.Sources.IValueTaskSource<TResult>.GetResult(Int16 token)
   at System.Net.Security.SslStream.ReadAsyncInternal[TIOAdapter](Memory`1 buffer, CancellationToken cancellationToken)
   at System.Runtime.CompilerServices.PoolingAsyncValueTaskMethodBuilder`1.StateMachineBox`1.System.Threading.Tasks.Sources.IValueTaskSource<TResult>.GetResult(Int16 token)
   at System.Net.Http.HttpConnection.SendAsync(HttpRequestMessage request, Boolean async, CancellationToken cancellationToken)
   --- End of inner exception stack trace ---
   at System.Net.Http.HttpConnection.SendAsync(HttpRequestMessage request, Boolean async, CancellationToken cancellationToken)
   at System.Net.Http.AuthenticationHelper.SendWithNtAuthAsync(HttpRequestMessage request, Uri authUri, Boolean async, ICredentials credentials, Boolean isProxyAuth, HttpConnection connection, HttpConnectionPool connectionPool, CancellationToken cancellationToken)
   at System.Net.Http.HttpConnectionPool.SendWithVersionDetectionAndRetryAsync(HttpRequestMessage request, Boolean async, Boolean doRequestAuth, CancellationToken cancellationToken)
   at System.Net.Http.AuthenticationHelper.SendWithAuthAsync(HttpRequestMessage request, Uri authUri, Boolean async, ICredentials credentials, Boolean preAuthenticate, Boolean isProxyAuth, Boolean doRequestAuth, HttpConnectionPool pool, CancellationToken cancellationToken)
   at System.Net.Http.RedirectHandler.SendAsync(HttpRequestMessage request, Boolean async, CancellationToken cancellationToken)
   at GitHub.Services.Common.RawHttpMessageHandler.SendAsync(HttpRequestMessage request, CancellationToken cancellationToken)
   at GitHub.Services.Common.VssHttpRetryMessageHandler.SendAsync(HttpRequestMessage request, CancellationToken cancellationToken)
   at System.Net.Http.HttpClient.<SendAsync>g__Core|83_0(HttpRequestMessage request, HttpCompletionOption completionOption, CancellationTokenSource cts, Boolean disposeCts, CancellationTokenSource pendingRequestsCts, CancellationToken originalCancellationToken)
[2026-08-26 20:38:38Z ERR  BrokerServer] #####################################################
[2026-08-26 20:38:38Z ERR  BrokerServer] System.IO.IOException: Unable to read data from the transport connection: La operación de E/S se anuló por una salida de subproceso o por una solicitud de aplicación..
 ---> System.Net.Sockets.SocketException (995): La operación de E/S se anuló por una salida de subproceso o por una solicitud de aplicación.
   --- End of inner exception stack trace ---
   at System.Net.Sockets.Socket.AwaitableSocketAsyncEventArgs.ThrowException(SocketError error, CancellationToken cancellationToken)
   at System.Net.Sockets.Socket.AwaitableSocketAsyncEventArgs.System.Threading.Tasks.Sources.IValueTaskSource<System.Int32>.GetResult(Int16 token)
   at System.Net.Security.SslStream.EnsureFullTlsFrameAsync[TIOAdapter](CancellationToken cancellationToken, Int32 estimatedSize)
   at System.Runtime.CompilerServices.PoolingAsyncValueTaskMethodBuilder`1.StateMachineBox`1.System.Threading.Tasks.Sources.IValueTaskSource<TResult>.GetResult(Int16 token)
   at System.Net.Security.SslStream.ReadAsyncInternal[TIOAdapter](Memory`1 buffer, CancellationToken cancellationToken)
   at System.Runtime.CompilerServices.PoolingAsyncValueTaskMethodBuilder`1.StateMachineBox`1.System.Threading.Tasks.Sources.IValueTaskSource<TResult>.GetResult(Int16 token)
   at System.Net.Http.HttpConnection.SendAsync(HttpRequestMessage request, Boolean async, CancellationToken cancellationToken)
[2026-08-26 20:38:38Z ERR  BrokerServer] #####################################################
[2026-08-26 20:38:38Z ERR  BrokerServer] System.Net.Sockets.SocketException (995): La operación de E/S se anuló por una salida de subproceso o por una solicitud de aplicación.
[2026-08-26 20:38:38Z WARN BrokerServer] Back off 8.444 seconds before next retry. 4 attempt left.
[2026-08-26 20:38:38Z INFO BrokerMessageListener] Get messages has been cancelled using local token source. Continue to get messages with new status.
[2026-08-26 20:48:22Z INFO Terminal] WRITE LINE: Exiting...
[2026-08-26 20:48:22Z INFO ConfigurationStore] IsServiceConfigured()
[2026-08-26 20:48:22Z INFO ConfigurationStore] IsServiceConfigured: True
[2026-08-26 20:48:22Z INFO Runner] Received Ctrl-C signal, stop Runner.Listener and Runner.Worker.
[2026-08-26 20:48:22Z INFO HostContext] Runner will be shutdown for UserCancelled
[2026-08-26 20:48:22Z WARN GitHubActionsService] GET request to https://broker.actions.githubusercontent.com/message?sessionId=61431501-b040-418b-92aa-b3a8374bce3b&status=Online&runnerVersion=2.336.0&os=Windows&architecture=X64&disableUpdate=false has been cancelled.
[2026-08-26 20:48:22Z ERR  BrokerServer] Catch exception during request
[2026-08-26 20:48:22Z ERR  BrokerServer] System.Threading.Tasks.TaskCanceledException: The operation was canceled.
 ---> System.Threading.Tasks.TaskCanceledException: The operation was canceled.
 ---> System.IO.IOException: Unable to read data from the transport connection: La operación de E/S se anuló por una salida de subproceso o por una solicitud de aplicación..
 ---> System.Net.Sockets.SocketException (995): La operación de E/S se anuló por una salida de subproceso o por una solicitud de aplicación.
   --- End of inner exception stack trace ---
   at System.Net.Sockets.Socket.AwaitableSocketAsyncEventArgs.ThrowException(SocketError error, CancellationToken cancellationToken)
   at System.Net.Sockets.Socket.AwaitableSocketAsyncEventArgs.System.Threading.Tasks.Sources.IValueTaskSource<System.Int32>.GetResult(Int16 token)
   at System.Net.Security.SslStream.EnsureFullTlsFrameAsync[TIOAdapter](CancellationToken cancellationToken, Int32 estimatedSize)
   at System.Runtime.CompilerServices.PoolingAsyncValueTaskMethodBuilder`1.StateMachineBox`1.System.Threading.Tasks.Sources.IValueTaskSource<TResult>.GetResult(Int16 token)
   at System.Net.Security.SslStream.ReadAsyncInternal[TIOAdapter](Memory`1 buffer, CancellationToken cancellationToken)
   at System.Runtime.CompilerServices.PoolingAsyncValueTaskMethodBuilder`1.StateMachineBox`1.System.Threading.Tasks.Sources.IValueTaskSource<TResult>.GetResult(Int16 token)
   at System.Net.Http.HttpConnection.SendAsync(HttpRequestMessage request, Boolean async, CancellationToken cancellationToken)
   --- End of inner exception stack trace ---
   at System.Net.Http.HttpConnection.SendAsync(HttpRequestMessage request, Boolean async, CancellationToken cancellationToken)
   at System.Net.Http.AuthenticationHelper.SendWithNtAuthAsync(HttpRequestMessage request, Uri authUri, Boolean async, ICredentials credentials, Boolean isProxyAuth, HttpConnection connection, HttpConnectionPool connectionPool, CancellationToken cancellationToken)
   at System.Net.Http.HttpConnectionPool.SendWithVersionDetectionAndRetryAsync(HttpRequestMessage request, Boolean async, Boolean doRequestAuth, CancellationToken cancellationToken)
   at System.Net.Http.AuthenticationHelper.SendWithAuthAsync(HttpRequestMessage request, Uri authUri, Boolean async, ICredentials credentials, Boolean preAuthenticate, Boolean isProxyAuth, Boolean doRequestAuth, HttpConnectionPool pool, CancellationToken cancellationToken)
   at System.Net.Http.RedirectHandler.SendAsync(HttpRequestMessage request, Boolean async, CancellationToken cancellationToken)
   at GitHub.Services.Common.RawHttpMessageHandler.SendAsync(HttpRequestMessage request, CancellationToken cancellationToken)
   at GitHub.Services.Common.VssHttpRetryMessageHandler.SendAsync(HttpRequestMessage request, CancellationToken cancellationToken)
   at System.Net.Http.HttpClient.<SendAsync>g__Core|83_0(HttpRequestMessage request, HttpCompletionOption completionOption, CancellationTokenSource cts, Boolean disposeCts, CancellationTokenSource pendingRequestsCts, CancellationToken originalCancellationToken)
   --- End of inner exception stack trace ---
   at System.Net.Http.HttpClient.HandleFailure(Exception e, Boolean telemetryStarted, HttpResponseMessage response, CancellationTokenSource cts, CancellationToken cancellationToken, CancellationTokenSource pendingRequestsCts)
   at System.Net.Http.HttpClient.<SendAsync>g__Core|83_0(HttpRequestMessage request, HttpCompletionOption completionOption, CancellationTokenSource cts, Boolean disposeCts, CancellationTokenSource pendingRequestsCts, CancellationToken originalCancellationToken)
   at Sdk.WebApi.WebApi.RawHttpClientBase.SendAsync(HttpRequestMessage message, HttpCompletionOption completionOption, Object userState, CancellationToken cancellationToken)
   at Sdk.WebApi.WebApi.RawHttpClientBase.SendAsync[T](HttpRequestMessage message, Boolean readErrorBody, Object userState, CancellationToken cancellationToken)
   at Sdk.WebApi.WebApi.RawHttpClientBase.SendAsync[T](HttpMethod method, IEnumerable`1 additionalHeaders, Uri requestUri, HttpContent content, IEnumerable`1 queryParameters, Boolean readErrorBody, Object userState, CancellationToken cancellationToken)
   at GitHub.Actions.RunService.WebApi.BrokerHttpClient.GetRunnerMessageAsync(Nullable`1 sessionId, String runnerVersion, Nullable`1 status, String os, String architecture, Nullable`1 disableUpdate, CancellationToken cancellationToken)
   at GitHub.Runner.Common.BrokerServer.<>c__DisplayClass7_0.<<GetRunnerMessageAsync>b__0>d.MoveNext()
--- End of stack trace from previous location ---
   at GitHub.Runner.Common.RunnerService.RetryRequest[T](Func`1 func, CancellationToken cancellationToken, Int32 maxAttempts, Func`2 shouldRetry)
[2026-08-26 20:48:22Z ERR  BrokerServer] #####################################################
[2026-08-26 20:48:22Z ERR  BrokerServer] System.Threading.Tasks.TaskCanceledException: The operation was canceled.
 ---> System.IO.IOException: Unable to read data from the transport connection: La operación de E/S se anuló por una salida de subproceso o por una solicitud de aplicación..
 ---> System.Net.Sockets.SocketException (995): La operación de E/S se anuló por una salida de subproceso o por una solicitud de aplicación.
   --- End of inner exception stack trace ---
   at System.Net.Sockets.Socket.AwaitableSocketAsyncEventArgs.ThrowException(SocketError error, CancellationToken cancellationToken)
   at System.Net.Sockets.Socket.AwaitableSocketAsyncEventArgs.System.Threading.Tasks.Sources.IValueTaskSource<System.Int32>.GetResult(Int16 token)
   at System.Net.Security.SslStream.EnsureFullTlsFrameAsync[TIOAdapter](CancellationToken cancellationToken, Int32 estimatedSize)
   at System.Runtime.CompilerServices.PoolingAsyncValueTaskMethodBuilder`1.StateMachineBox`1.System.Threading.Tasks.Sources.IValueTaskSource<TResult>.GetResult(Int16 token)
   at System.Net.Security.SslStream.ReadAsyncInternal[TIOAdapter](Memory`1 buffer, CancellationToken cancellationToken)
   at System.Runtime.CompilerServices.PoolingAsyncValueTaskMethodBuilder`1.StateMachineBox`1.System.Threading.Tasks.Sources.IValueTaskSource<TResult>.GetResult(Int16 token)
   at System.Net.Http.HttpConnection.SendAsync(HttpRequestMessage request, Boolean async, CancellationToken cancellationToken)
   --- End of inner exception stack trace ---
   at System.Net.Http.HttpConnection.SendAsync(HttpRequestMessage request, Boolean async, CancellationToken cancellationToken)
   at System.Net.Http.AuthenticationHelper.SendWithNtAuthAsync(HttpRequestMessage request, Uri authUri, Boolean async, ICredentials credentials, Boolean isProxyAuth, HttpConnection connection, HttpConnectionPool connectionPool, CancellationToken cancellationToken)
   at System.Net.Http.HttpConnectionPool.SendWithVersionDetectionAndRetryAsync(HttpRequestMessage request, Boolean async, Boolean doRequestAuth, CancellationToken cancellationToken)
   at System.Net.Http.AuthenticationHelper.SendWithAuthAsync(HttpRequestMessage request, Uri authUri, Boolean async, ICredentials credentials, Boolean preAuthenticate, Boolean isProxyAuth, Boolean doRequestAuth, HttpConnectionPool pool, CancellationToken cancellationToken)
   at System.Net.Http.RedirectHandler.SendAsync(HttpRequestMessage request, Boolean async, CancellationToken cancellationToken)
   at GitHub.Services.Common.RawHttpMessageHandler.SendAsync(HttpRequestMessage request, CancellationToken cancellationToken)
   at GitHub.Services.Common.VssHttpRetryMessageHandler.SendAsync(HttpRequestMessage request, CancellationToken cancellationToken)
   at System.Net.Http.HttpClient.<SendAsync>g__Core|83_0(HttpRequestMessage request, HttpCompletionOption completionOption, CancellationTokenSource cts, Boolean disposeCts, CancellationTokenSource pendingRequestsCts, CancellationToken originalCancellationToken)
[2026-08-26 20:48:22Z ERR  BrokerServer] #####################################################
[2026-08-26 20:48:22Z ERR  BrokerServer] System.IO.IOException: Unable to read data from the transport connection: La operación de E/S se anuló por una salida de subproceso o por una solicitud de aplicación..
 ---> System.Net.Sockets.SocketException (995): La operación de E/S se anuló por una salida de subproceso o por una solicitud de aplicación.
   --- End of inner exception stack trace ---
   at System.Net.Sockets.Socket.AwaitableSocketAsyncEventArgs.ThrowException(SocketError error, CancellationToken cancellationToken)
   at System.Net.Sockets.Socket.AwaitableSocketAsyncEventArgs.System.Threading.Tasks.Sources.IValueTaskSource<System.Int32>.GetResult(Int16 token)
   at System.Net.Security.SslStream.EnsureFullTlsFrameAsync[TIOAdapter](CancellationToken cancellationToken, Int32 estimatedSize)
   at System.Runtime.CompilerServices.PoolingAsyncValueTaskMethodBuilder`1.StateMachineBox`1.System.Threading.Tasks.Sources.IValueTaskSource<TResult>.GetResult(Int16 token)
   at System.Net.Security.SslStream.ReadAsyncInternal[TIOAdapter](Memory`1 buffer, CancellationToken cancellationToken)
   at System.Runtime.CompilerServices.PoolingAsyncValueTaskMethodBuilder`1.StateMachineBox`1.System.Threading.Tasks.Sources.IValueTaskSource<TResult>.GetResult(Int16 token)
   at System.Net.Http.HttpConnection.SendAsync(HttpRequestMessage request, Boolean async, CancellationToken cancellationToken)
[2026-08-26 20:48:22Z ERR  BrokerServer] #####################################################
[2026-08-26 20:48:22Z ERR  BrokerServer] System.Net.Sockets.SocketException (995): La operación de E/S se anuló por una salida de subproceso o por una solicitud de aplicación.
[2026-08-26 20:48:22Z WARN BrokerServer] Back off 14.262 seconds before next retry. 4 attempt left.
[2026-08-26 20:48:22Z INFO BrokerMessageListener] Get next message has been cancelled.
[2026-08-26 20:48:22Z INFO JobDispatcher] Shutting down JobDispatcher. Make sure all WorkerDispatcher has finished.
[2026-08-26 20:48:22Z INFO JobDispatcher] Ensure WorkerDispatcher for job 5f80f24f-0853-5101-8b91-318447cc2345 run to finish, cancel any running job.
[2026-08-26 20:48:22Z INFO JobDispatcher] Job request 5f80f24f-0853-5101-8b91-318447cc2345 processed succeed.
[2026-08-26 20:48:22Z INFO Runner] Deleting Runner Session...
[2026-08-26 20:48:23Z INFO Listener] Runner execution been cancelled.
